node.exe : [baseline-browser-mapping] The data in this 
module is over two months old.  To ensure accurate Baseline 
data, please update: `npm i baseline-browser-mapping@latest 
-D`
At C:\Program Files\nodejs\npx.ps1:29 char:3
+   & $NODE_EXE $NPX_CLI_JS $args
+   ~~~~~~~~~~~~~~~~~~~~~~~~~~~~~
    + CategoryInfo          : NotSpecified: ([baseline-brows 
   ...ping@latest -D`:String) [], RemoteException
    + FullyQualifiedErrorId : NativeCommandError
 
 ÔÜá Warning: Next.js inferred your workspace root, but it 
may not be correct.
 We detected multiple lockfiles and selected the directory 
of E:\signal-ops\package-lock.json as the root directory.
 To silence this warning, set `turbopack.root` in your 
Next.js config, or consider removing one of the lockfiles if 
it's not needed.
   See https://nextjs.org/docs/app/api-reference/config/next-
config-js/turbopack#root-directory for more information.
 Detected additional lockfiles: 
   * E:\signal-ops\frontend\package-lock.json

   Ôû▓ Next.js 16.0.5 (Turbopack)
   - Environments: .env.local

   Creating an optimized production build ...
[baseline-browser-mapping] The data in this module is over 
two months old.  To ensure accurate Baseline data, please 
update: `npm i baseline-browser-mapping@latest -D`

> Build error occurred
Error: Turbopack build failed with 3 errors:
./frontend/src/components/data/backend-features-view.tsx:2:10
Ecmascript file had an error
[0m [90m 1 |[39m
[31m[1m>[22m[39m[90m 2 |[39m [36mimport[39m { 
useState } [36mfrom[39m [32m'react'[39m[33m;[39m
 [90m   |[39m          [31m[1m^[22m[39m[31m[1m^[22m
[39m[31m[1m^[22m[39m[31m[1m^[22m[39m[31m[1m^[22m[
39m[31m[1m^[22m[39m[31m[1m^[22m[39m[31m[1m^[22m[3
9m
 [90m 3 |[39m [36mimport[39m { motion } [36mfrom[39m 
[32m'framer-motion'[39m[33m;[39m
 [90m 4 |[39m [36mimport[39m {
 [90m 5 |[39m     usePolymarketMarkets[33m,[39m[0m

You're importing a component that needs `useState`. This 
React Hook only works in a Client Component. To fix, mark 
the file (or its parent) with the `"use client"` directive.

 Learn more: https://nextjs.org/docs/app/api-reference/direct
ives/use-client



Import trace:
  Server Component:
    ./frontend/src/components/data/backend-features-view.tsx
    ./frontend/src/app/(authenticated)/data/page.tsx


./frontend/src/components/decisions/decision-card.tsx:2:1
Module not found: Can't resolve 'date-fns'
[0m [90m 1 |[39m [36mimport[39m { [33mDecisionLog[39m 
} [36mfrom[39m 
[32m'@/lib/api/decisions-api'[39m[33m;[39m
[31m[1m>[22m[39m[90m 2 |[39m [36mimport[39m { format 
} [36mfrom[39m [32m'date-fns'[39m[33m;[39m
 [90m   |[39m [31m[1m^[22m[39m[31m[1m^[22m[39m[31m
[1m^[22m[39m[31m[1m^[22m[39m[31m[1m^[22m[39m[31m
[1m^[22m[39m[31m[1m^[22m[39m[31m[1m^[22m[39m[31m[
1m^[22m[39m[31m[1m^[22m[39m[31m[1m^[22m[39m[31m[1
m^[22m[39m[31m[1m^[22m[39m[31m[1m^[22m[39m[31m[1m
^[22m[39m[31m[1m^[22m[39m[31m[1m^[22m[39m[31m[1m^
[22m[39m[31m[1m^[22m[39m[31m[1m^[22m[39m[31m[1m^
[22m[39m[31m[1m^[22m[39m[31m[1m^[22m[39m[31m[1m^[
22m[39m[31m[1m^[22m[39m[31m[1m^[22m[39m[31m[1m^[2
2m[39m[31m[1m^[22m[39m[31m[1m^[22m[39m[31m[1m^[22
m[39m[31m[1m^[22m[39m[31m[1m^[22m[39m[31m[1m^[22m
[39m[31m[1m^[22m[39m
 [90m 3 |[39m [36mimport[39m { 
[33mArrowUp[39m[33m,[39m [33mArrowDown[39m[33m,[39m 
[33mMinus[39m } [36mfrom[39m 
[32m'@phosphor-icons/react'[39m[33m;[39m
 [90m 4 |[39m
 [90m 5 |[39m [36minterface[39m 
[33mDecisionCardProps[39m {[0m



Import traces:
  Client Component Browser:
    ./frontend/src/components/decisions/decision-card.tsx 
[Client Component Browser]
    ./frontend/src/app/(authenticated)/decisions/page.tsx 
[Client Component Browser]
    ./frontend/src/app/(authenticated)/decisions/page.tsx 
[Server Component]

  Client Component SSR:
    ./frontend/src/components/decisions/decision-card.tsx 
[Client Component SSR]
    ./frontend/src/app/(authenticated)/decisions/page.tsx 
[Client Component SSR]
    ./frontend/src/app/(authenticated)/decisions/page.tsx 
[Server Component]

https://nextjs.org/docs/messages/module-not-found


./frontend/src/components/decisions/decision-modal.tsx:3:1
Module not found: Can't resolve 'date-fns'
[0m [90m 1 |[39m [36mimport[39m { 
[33mDecisionLog[39m[33m,[39m [33mTriggerCondition[39m 
} [36mfrom[39m 
[32m'@/lib/api/decisions-api'[39m[33m;[39m
 [90m 2 |[39m [36mimport[39m { [33mX[39m[33m,[39m 
[33mCheckCircle[39m[33m,[39m 
[33mXCircle[39m[33m,[39m [33mMinusCircle[39m } 
[36mfrom[39m [32m'@phosphor-icons/react'[39m[33m;[39m
[31m[1m>[22m[39m[90m 3 |[39m [36mimport[39m { format 
} [36mfrom[39m [32m'date-fns'[39m[33m;[39m
 [90m   |[39m [31m[1m^[22m[39m[31m[1m^[22m[39m[31m
[1m^[22m[39m[31m[1m^[22m[39m[31m[1m^[22m[39m[31m
[1m^[22m[39m[31m[1m^[22m[39m[31m[1m^[22m[39m[31m[
1m^[22m[39m[31m[1m^[22m[39m[31m[1m^[22m[39m[31m[1
m^[22m[39m[31m[1m^[22m[39m[31m[1m^[22m[39m[31m[1m
^[22m[39m[31m[1m^[22m[39m[31m[1m^[22m[39m[31m[1m^
[22m[39m[31m[1m^[22m[39m[31m[1m^[22m[39m[31m[1m^
[22m[39m[31m[1m^[22m[39m[31m[1m^[22m[39m[31m[1m^[
22m[39m[31m[1m^[22m[39m[31m[1m^[22m[39m[31m[1m^[2
2m[39m[31m[1m^[22m[39m[31m[1m^[22m[39m[31m[1m^[22
m[39m[31m[1m^[22m[39m[31m[1m^[22m[39m[31m[1m^[22m
[39m[31m[1m^[22m[39m
 [90m 4 |[39m
 [90m 5 |[39m [36minterface[39m 
[33mDecisionModalProps[39m {
 [90m 6 |[39m     decision[33m:[39m 
[33mDecisionLog[39m[33m;[39m[0m



Import traces:
  Client Component Browser:
    ./frontend/src/components/decisions/decision-modal.tsx 
[Client Component Browser]
    ./frontend/src/app/(authenticated)/decisions/page.tsx 
[Client Component Browser]
    ./frontend/src/app/(authenticated)/decisions/page.tsx 
[Server Component]

  Client Component SSR:
    ./frontend/src/components/decisions/decision-modal.tsx 
[Client Component SSR]
    ./frontend/src/app/(authenticated)/decisions/page.tsx 
[Client Component SSR]
    ./frontend/src/app/(authenticated)/decisions/page.tsx 
[Server Component]

https://nextjs.org/docs/messages/module-not-found


    at <unknown> (./frontend/src/components/data/backend-feat
ures-view.tsx:2:10)
    at <unknown> 
(./frontend/src/components/decisions/decision-card.tsx:2:1)
    at <unknown> 
(https://nextjs.org/docs/messages/module-not-found)
    at <unknown> 
(./frontend/src/components/decisions/decision-modal.tsx:3:1)
    at <unknown> 
(https://nextjs.org/docs/messages/module-not-found)
